// Jest Snapshot v1, https://goo.gl/fbAQLP

exports[`Component: <Counter/> renders correctly 1`] = `
<div>
  <div
    class="root"
  >
    <h1
      class="title"
    >
      Current
       count: 
      0
    </h1>
    <button
      class="button"
    >
      Decrement
    </button>
    <button
      class="button"
    >
      Increment
    </button>
  </div>
</div>
`;
